1N cpu trial atomate2_10-22 activated
2024-10-04 16:03:45,465 INFO Hostname/IP lookup (this will take a few seconds)
2024-10-04 16:04:09,741 INFO Created new dir /pscratch/sd/h/hrushi99/atomate2/pheasy/block_2024-10-04-19-19-06-773297/launcher_2024-10-04-22-53-53-118453/launcher_2024-10-04-23-04-09-741133
2024-10-04 16:04:09,742 INFO Launching Rocket
2024-10-04 16:04:09,781 INFO RUNNING fw_id: 10290 in directory: /pscratch/sd/h/hrushi99/atomate2/pheasy/block_2024-10-04-19-19-06-773297/launcher_2024-10-04-22-53-53-118453/launcher_2024-10-04-23-04-09-741133
2024-10-04 16:04:09,795 INFO Task started: {{jobflow.managers.fireworks.JobFiretask}}.
2024-10-04 16:04:09,820 INFO Starting job - phonon static 2/2 (cc227297-1cf1-4016-871a-19a0e269df29)
2024-10-04 16:04:22,176 INFO Finished job - phonon static 2/2 (cc227297-1cf1-4016-871a-19a0e269df29)
2024-10-04 16:04:22,177 INFO Task completed: {{jobflow.managers.fireworks.JobFiretask}}
2024-10-04 16:04:22,201 INFO Rocket finished
