1N cpu trial atomate2_10-22 activated
2024-10-04 15:58:20,288 INFO Hostname/IP lookup (this will take a few seconds)
2024-10-04 15:58:38,739 INFO Created new dir /pscratch/sd/h/hrushi99/atomate2/pheasy/block_2024-10-04-19-19-06-773297/launcher_2024-10-04-22-50-53-612670/launcher_2024-10-04-22-58-38-738738
2024-10-04 15:58:38,739 INFO Launching Rocket
2024-10-04 15:58:38,773 INFO RUNNING fw_id: 10286 in directory: /pscratch/sd/h/hrushi99/atomate2/pheasy/block_2024-10-04-19-19-06-773297/launcher_2024-10-04-22-50-53-612670/launcher_2024-10-04-22-58-38-738738
2024-10-04 15:58:38,788 INFO Task started: {{jobflow.managers.fireworks.JobFiretask}}.
2024-10-04 15:58:38,816 INFO Starting job - static (b205ea07-6017-47eb-a313-ac97cf0636ec)
2024-10-04 15:59:16,147 INFO Finished job - static (b205ea07-6017-47eb-a313-ac97cf0636ec)
2024-10-04 15:59:16,148 INFO Task completed: {{jobflow.managers.fireworks.JobFiretask}}
2024-10-04 15:59:21,301 INFO Rocket finished
